// Jest Snapshot v1, https://goo.gl/fbAQLP

exports[`<ActivityIndicator /> snapshots renders correctly 1`] = `<ActivityIndicator />`;

exports[`<ActivityIndicator /> snapshots renders correctly when not visible 1`] = `null`;
