// Jest Snapshot v1, https://goo.gl/fbAQLP

exports[`<PasswordInput /> snapshots renders correctly 1`] = `
<View
  style={
    {
      "marginBottom": 6.285714285714286,
      "paddingHorizontal": 0,
      "width": "100%",
    }
  }
  testID="RNE__Input__view-wrapper"
>
  <View
    collapsable={false}
    style={
      {
        "alignItems": "center",
        "borderBottomColor": "#bbb",
        "borderBottomWidth": 1,
        "borderColor": "#86939e",
        "flexDirection": "row",
        "height": 98.9730612244898,
        "transform": [
          {
            "translateX": 0,
          },
        ],
      }
    }
  >
    <TextInput
      autoCapitalize="none"
      autoComplete="new-password"
      autoCorrect={false}
      editable={true}
      keyboardAppearance="light"
      keyboardType="visible-password"
      minLength={
        {
          "message": "Password must be at least 6 characters",
          "value": 6,
        }
      }
      onChangeText={[Function]}
      placeholderTextColor="#86939e"
      secureTextEntry={true}
      style={
        {
          "color": "#242424",
          "flex": 1,
          "fontSize": 23.57142857142857,
          "height": 98.9730612244898,
          "minHeight": 40,
        }
      }
      testID="RNE__Input__text-input"
      textContentType="newPassword"
      underlineColorAndroid="transparent"
    />
    <View
      style={
        {
          "alignItems": "center",
          "height": 40,
          "justifyContent": "center",
          "marginVertical": 4,
          "paddingRight": 4,
        }
      }
    >
      <View
        style={
          {
            "overflow": "hidden",
          }
        }
        testID="RNE__ICON__CONTAINER"
      >
        <View
          accessibilityLabel="Toggle password visibility"
          accessibilityRole="button"
          accessibilityState={
            {
              "busy": undefined,
              "checked": undefined,
              "disabled": false,
              "expanded": undefined,
              "selected": undefined,
            }
          }
          accessibilityValue={
            {
              "max": undefined,
              "min": undefined,
              "now": undefined,
              "text": undefined,
            }
          }
          accessible={true}
          collapsable={false}
          focusable={true}
          onBlur={[Function]}
          onClick={[Function]}
          onFocus={[Function]}
          onResponderGrant={[Function]}
          onResponderMove={[Function]}
          onResponderRelease={[Function]}
          onResponderTerminate={[Function]}
          onResponderTerminationRequest={[Function]}
          onStartShouldSetResponder={[Function]}
          style={
            {
              "padding": 7,
            }
          }
          testID="RNE__ICON__CONTAINER_ACTION"
        >
          <View
            style={
              {
                "alignItems": "center",
                "backgroundColor": "transparent",
                "justifyContent": "center",
              }
            }
            testID="RNE__ICON"
          >
            <Text
              allowFontScaling={false}
              selectable={false}
              style={
                [
                  {
                    "color": "gray",
                    "fontSize": 24,
                  },
                  {
                    "backgroundColor": "transparent",
                  },
                  {
                    "fontFamily": "feather",
                    "fontStyle": "normal",
                    "fontWeight": "normal",
                  },
                  {},
                ]
              }
              testID="RNE__ICON__Component"
            >
              ï…¤
            </Text>
          </View>
        </View>
      </View>
    </View>
  </View>
  <Text
    style={
      {
        "color": "#ff3b30",
        "fontSize": 12,
        "margin": 5,
      }
    }
  />
</View>
`;
