// Jest Snapshot v1, https://goo.gl/fbAQLP

exports[`<StatusDot /> snapshots renders correctly 1`] = `
<View
  style={
    {
      "backgroundColor": "gray",
      "borderRadius": 5,
      "height": 10,
      "width": 10,
    }
  }
  testID="rnb-status-dot"
/>
`;
