// Jest Snapshot v1, https://goo.gl/fbAQLP

exports[`<RefreshButton /> snapshots renders correctly 1`] = `
<View
  style={
    [
      {
        "overflow": "hidden",
      },
      {
        "borderRadius": 3.142857142857143,
      },
      undefined,
      false,
    ]
  }
  testID="RNE_BUTTON_WRAPPER"
>
  <View
    accessibilityLabel="Refresh"
    accessibilityRole="button"
    accessibilityState={
      {
        "busy": false,
        "checked": undefined,
        "disabled": false,
        "expanded": undefined,
        "selected": undefined,
      }
    }
    accessibilityValue={
      {
        "max": undefined,
        "min": undefined,
        "now": undefined,
        "text": undefined,
      }
    }
    accessible={true}
    collapsable={false}
    focusable={true}
    onClick={[Function]}
    onResponderGrant={[Function]}
    onResponderMove={[Function]}
    onResponderRelease={[Function]}
    onResponderTerminate={[Function]}
    onResponderTerminationRequest={[Function]}
    onStartShouldSetResponder={[Function]}
    style={
      {
        "opacity": 1,
      }
    }
  >
    <View
      style={
        {
          "alignItems": "center",
          "backgroundColor": "transparent",
          "borderColor": "#007aff",
          "borderRadius": 3.142857142857143,
          "borderWidth": 0,
          "flexDirection": "row",
          "justifyContent": "center",
          "padding": 12.571428571428571,
          "paddingHorizontal": 14.571428571428571,
        }
      }
    >
      <View
        style={
          {
            "marginHorizontal": 5,
            "overflow": "hidden",
          }
        }
        testID="RNE__ICON__CONTAINER"
      >
        <View
          accessibilityRole="button"
          android_ripple={
            {
              "borderless": false,
              "color": "rgba(0, 0, 0, 0.3)",
              "radius": -5,
            }
          }
          disabled={false}
          testID="RNE__ICON__CONTAINER_ACTION"
        >
          <View
            style={
              {
                "alignItems": "center",
                "backgroundColor": "transparent",
                "justifyContent": "center",
              }
            }
            testID="RNE__ICON"
          >
            <Text
              allowFontScaling={false}
              selectable={false}
              style={
                [
                  {
                    "color": "#242424",
                    "fontSize": 24,
                  },
                  {
                    "backgroundColor": "transparent",
                  },
                  {
                    "fontFamily": "material",
                    "fontStyle": "normal",
                    "fontWeight": "normal",
                  },
                  {},
                ]
              }
              testID="RNE__ICON__Component"
            >
              
            </Text>
          </View>
        </View>
      </View>
    </View>
  </View>
</View>
`;

exports[`<RefreshButton /> snapshots renders correctly when disabled 1`] = `
<View
  style={
    [
      {
        "overflow": "hidden",
      },
      {
        "borderRadius": 3.142857142857143,
      },
      undefined,
      false,
    ]
  }
  testID="RNE_BUTTON_WRAPPER"
>
  <View
    accessibilityLabel="Refresh"
    accessibilityRole="button"
    accessibilityState={
      {
        "busy": false,
        "checked": undefined,
        "disabled": true,
        "expanded": undefined,
        "selected": undefined,
      }
    }
    accessibilityValue={
      {
        "max": undefined,
        "min": undefined,
        "now": undefined,
        "text": undefined,
      }
    }
    accessible={true}
    collapsable={false}
    focusable={true}
    onClick={[Function]}
    onResponderGrant={[Function]}
    onResponderMove={[Function]}
    onResponderRelease={[Function]}
    onResponderTerminate={[Function]}
    onResponderTerminationRequest={[Function]}
    onStartShouldSetResponder={[Function]}
    style={
      {
        "opacity": 1,
      }
    }
  >
    <View
      style={
        {
          "alignItems": "center",
          "backgroundColor": "hsl(208, 8%, 90%)",
          "borderColor": "#007aff",
          "borderRadius": 3.142857142857143,
          "borderWidth": 0,
          "flexDirection": "row",
          "justifyContent": "center",
          "padding": 12.571428571428571,
          "paddingHorizontal": 14.571428571428571,
        }
      }
    >
      <View
        style={
          {
            "marginHorizontal": 5,
            "overflow": "hidden",
          }
        }
        testID="RNE__ICON__CONTAINER"
      >
        <View
          accessibilityRole="button"
          android_ripple={
            {
              "borderless": false,
              "color": "rgba(0, 0, 0, 0.3)",
              "radius": -5,
            }
          }
          disabled={false}
          testID="RNE__ICON__CONTAINER_ACTION"
        >
          <View
            style={
              {
                "alignItems": "center",
                "backgroundColor": "transparent",
                "justifyContent": "center",
              }
            }
            testID="RNE__ICON"
          >
            <Text
              allowFontScaling={false}
              selectable={false}
              style={
                [
                  {
                    "color": "#242424",
                    "fontSize": 24,
                  },
                  {
                    "backgroundColor": "transparent",
                  },
                  {
                    "fontFamily": "material",
                    "fontStyle": "normal",
                    "fontWeight": "normal",
                  },
                  {},
                ]
              }
              testID="RNE__ICON__Component"
            >
              
            </Text>
          </View>
        </View>
      </View>
    </View>
  </View>
</View>
`;
