// Jest Snapshot v1, https://goo.gl/fbAQLP

exports[`<Backdrop /> snapshots renders correctly 1`] = `
<View
  collapsable={false}
  entering={[Function]}
  exiting={[Function]}
  jestAnimatedStyle={
    {
      "value": {},
    }
  }
  style={
    {
      "backgroundColor": "#393e4233",
      "bottom": 0,
      "left": 0,
      "position": "absolute",
      "right": 0,
      "top": 0,
    }
  }
  testID="rnb-backdrop"
/>
`;

exports[`<Backdrop /> snapshots renders correctly when not visible 1`] = `null`;
